// Jest Snapshot v1, https://goo.gl/fbAQLP

exports[`List should render the expected html 1`] = `
<div>
  <li
    class="list"
    id="list-546"
    role="listitem"
  >
    <span
      class="title"
      data-testid="title"
    >
      test list
    </span>
    <span
      class="action-btns"
    >
      <button
        role="button"
        type="button"
      >
        Edit
      </button>
      <button
        role="button"
        type="button"
      >
        Delete
      </button>
    </span>
  </li>
</div>
`;

exports[`List when the delete button is clicked should render the expected html 1`] = `
<div>
  <li
    class="list"
    id="list-546"
    role="listitem"
  >
    <span
      class="title"
      data-testid="title"
    >
      test list
    </span>
    <span
      class="action-btns"
    >
      <button
        role="button"
        type="button"
      >
        Edit
      </button>
      <button
        role="button"
        type="button"
      >
        Delete
      </button>
    </span>
  </li>
</div>
`;

exports[`List when the edit button is clicked should render the expected html 1`] = `
<div>
  <li
    class="list"
    id="list-546"
    role="listitem"
  >
    <span
      class="title"
      data-testid="title"
    >
      test list
    </span>
    <span
      class="action-btns"
    >
      <button
        role="button"
        type="button"
      >
        Edit
      </button>
      <button
        role="button"
        type="button"
      >
        Delete
      </button>
    </span>
  </li>
</div>
`;
